// Jest Snapshot v1, https://goo.gl/fbAQLP

exports[`Component Memo - test Memo - snapshot 1`] = `
<RCTSafeAreaView
  style={
    {
      "alignItems": "stretch",
      "backgroundColor": "rgb(242, 242, 242)",
      "display": "flex",
      "height": "100%",
      "justifyContent": "flex-start",
    }
  }
>
  <RCTScrollView
    contentContainerStyle={
      {
        "alignItems": "stretch",
        "flexDirection": "column",
        "justifyContent": "flex-start",
        "padding": 20,
      }
    }
    style={
      {
        "maxHeight": "70%",
        "minHeight": "70%",
      }
    }
  >
    <View>
      <View
        accessibilityLabel="translated text"
        accessible={true}
        style={
          {
            "borderColor": "rgb(28, 28, 30)",
            "borderRadius": 5,
            "borderWidth": 1,
            "flexGrow": 1,
            "maxHeight": 667,
            "minHeight": 667,
            "minWidth": 48,
          }
        }
      >
        <TextInput
          editable={true}
          multiline={true}
          onChangeText={[Function]}
          style={
            {
              "backgroundColor": "transparent",
              "color": "rgb(28, 28, 30)",
              "flex": 1,
              "fontSize": 14,
              "fontWeight": "600",
              "margin": 5,
              "minHeight": 48,
              "minWidth": 48,
              "textAlignVertical": "top",
            }
          }
          testID="send.memo-field"
          value="memo1
memo2
memo3
memo4
memo5
memo6
memo7
memo8
memo9
memo10"
        />
      </View>
    </View>
  </RCTScrollView>
  <View
    style={
      {
        "alignItems": "center",
        "flexDirection": "row",
        "flexGrow": 1,
        "justifyContent": "center",
        "marginVertical": 5,
      }
    }
  >
    <View
      accessible={true}
      collapsable={false}
      focusable={true}
      onClick={[Function]}
      onResponderGrant={[Function]}
      onResponderMove={[Function]}
      onResponderRelease={[Function]}
      onResponderTerminate={[Function]}
      onResponderTerminationRequest={[Function]}
      onStartShouldSetResponder={[Function]}
      style={
        {
          "alignItems": "center",
          "backgroundColor": "rgb(0, 122, 255)",
          "borderColor": "rgb(28, 28, 30)",
          "borderRadius": 10,
          "borderWidth": 2,
          "justifyContent": "center",
          "maxWidth": "90%",
          "minHeight": 48,
          "minWidth": "30%",
          "opacity": 1,
          "padding": 0,
          "paddingLeft": 20,
          "paddingRight": 20,
        }
      }
    >
      <View
        style={
          {
            "alignItems": "center",
            "display": "flex",
            "flexDirection": "row",
            "justifyContent": "center",
            "margin": 0,
            "minHeight": 48,
            "minWidth": 48,
            "padding": 0,
          }
        }
      >
        <Text
          style={
            {
              "color": "rgb(242, 242, 242)",
              "fontSize": 16,
              "fontWeight": "bold",
              "textAlign": "center",
              "textTransform": "uppercase",
            }
          }
        >
          translated text
        </Text>
      </View>
    </View>
    <View
      accessible={true}
      collapsable={false}
      focusable={true}
      onClick={[Function]}
      onResponderGrant={[Function]}
      onResponderMove={[Function]}
      onResponderRelease={[Function]}
      onResponderTerminate={[Function]}
      onResponderTerminationRequest={[Function]}
      onStartShouldSetResponder={[Function]}
      style={
        {
          "alignItems": "center",
          "backgroundColor": "rgb(242, 242, 242)",
          "borderColor": "rgb(0, 122, 255)",
          "borderRadius": 10,
          "borderWidth": 2,
          "justifyContent": "center",
          "marginLeft": 10,
          "maxWidth": "90%",
          "minHeight": 48,
          "minWidth": "30%",
          "opacity": 1,
          "padding": 0,
          "paddingLeft": 20,
          "paddingRight": 20,
        }
      }
    >
      <View
        style={
          {
            "alignItems": "center",
            "display": "flex",
            "flexDirection": "row",
            "justifyContent": "center",
            "margin": 0,
            "minHeight": 48,
            "minWidth": 48,
            "padding": 0,
          }
        }
      >
        <Text
          style={
            {
              "color": "rgb(0, 122, 255)",
              "fontSize": 16,
              "fontWeight": "bold",
              "textAlign": "center",
              "textTransform": "uppercase",
            }
          }
        >
          translated text
        </Text>
      </View>
    </View>
  </View>
</RCTSafeAreaView>
`;
