// Jest Snapshot v1, https://goo.gl/fbAQLP

exports[`Component SingleAddress - test SingleAddress - snapshot 1`] = `
<View
  style={
    {
      "flexDirection": "column",
    }
  }
>
  <RCTScrollView
    contentContainerStyle={
      [
        {
          "alignItems": "center",
        },
      ]
    }
  >
    <View>
      <View
        style={
          {
            "backgroundColor": "rgb(216, 216, 216)",
            "marginHorizontal": 20,
            "marginTop": 20,
            "padding": 10,
          }
        }
      >
        <View
          accessible={true}
          collapsable={false}
          focusable={true}
          onClick={[Function]}
          onResponderGrant={[Function]}
          onResponderMove={[Function]}
          onResponderRelease={[Function]}
          onResponderTerminate={[Function]}
          onResponderTerminationRequest={[Function]}
          onStartShouldSetResponder={[Function]}
          style={
            {
              "opacity": 1,
            }
          }
        >
          <mockQRCode />
        </View>
      </View>
      <View
        style={
          {
            "alignItems": "center",
            "flexDirection": "row",
            "justifyContent": "space-evenly",
            "marginVertical": 0,
            "width": "100%",
          }
        }
      >
        <View
          style={
            {
              "alignItems": "center",
              "justifyContent": "center",
              "width": 150,
            }
          }
        >
          <View
            accessible={true}
            collapsable={false}
            focusable={true}
            onClick={[Function]}
            onResponderGrant={[Function]}
            onResponderMove={[Function]}
            onResponderRelease={[Function]}
            onResponderTerminate={[Function]}
            onResponderTerminationRequest={[Function]}
            onStartShouldSetResponder={[Function]}
            style={
              {
                "opacity": 1,
              }
            }
          >
            <Text
              style={
                {
                  "color": "rgb(28, 28, 30)",
                  "marginTop": 15,
                  "minHeight": 48,
                  "textDecorationLine": "underline",
                }
              }
            />
          </View>
        </View>
      </View>
      <View
        accessible={true}
        collapsable={false}
        focusable={true}
        onClick={[Function]}
        onResponderGrant={[Function]}
        onResponderMove={[Function]}
        onResponderRelease={[Function]}
        onResponderTerminate={[Function]}
        onResponderTerminationRequest={[Function]}
        onStartShouldSetResponder={[Function]}
        style={
          {
            "opacity": 1,
          }
        }
      >
        <View
          style={
            {
              "display": "flex",
              "flexDirection": "row",
              "justifyContent": "center",
              "marginBottom": 30,
            }
          }
        >
          <View
            style={
              {
                "alignItems": "flex-start",
                "display": "flex",
                "flexDirection": "row",
              }
            }
          >
            <View
              style={
                {
                  "alignItems": "flex-start",
                  "display": "flex",
                  "flexDirection": "column",
                  "marginRight": 10,
                }
              }
            >
              <View
                accessible={true}
                collapsable={false}
                focusable={true}
                onClick={[Function]}
                onResponderGrant={[Function]}
                onResponderMove={[Function]}
                onResponderRelease={[Function]}
                onResponderTerminate={[Function]}
                onResponderTerminationRequest={[Function]}
                onStartShouldSetResponder={[Function]}
                style={
                  {
                    "opacity": 1,
                  }
                }
              >
                <View
                  style={
                    {
                      "display": "flex",
                      "flexDirection": "column",
                      "flexWrap": "wrap",
                    }
                  }
                >
                  <Text
                    style={
                      {
                        "color": "rgb(28, 28, 30)",
                        "fontSize": 18,
                        "fontWeight": "600",
                        "opacity": 1,
                      }
                    }
                  >
                    hvkausdf
                  </Text>
                  <Text
                    style={
                      {
                        "color": "rgb(28, 28, 30)",
                        "fontSize": 18,
                        "fontWeight": "600",
                        "opacity": 1,
                      }
                    }
                  >
                    skidjlfs
                  </Text>
                </View>
              </View>
            </View>
          </View>
        </View>
      </View>
    </View>
  </RCTScrollView>
</View>
`;
